Change Footprint: Footprint Not Found CAT93C46BHU4I-GT3
Change Footprint: Footprint Not Found FER 0603_1608
Change Footprint: Footprint Not Found FER 0603_1608
Change Component Designator: OldDesignator=H1 NewDesignator=H2
Change Component Designator: OldDesignator=H2 NewDesignator=H1
Add component: Footprint Not Found SIT8008AI-11-XXE-100.000000
Add Pin To Net: Unknown Pin: Pin J8-1
Add Pin To Net: Unknown Pin: Pin J8-2
Add Pin To Net: Unknown Pin: Pin J8-3
Add Pin To Net: Unknown Pin: Pin J8-4
Add Pin To Net: Unknown Pin: Pin J8-5
Add Pin To Net: Unknown Pin: Pin J8-6
Add Pin To Net: Unknown Pin: Pin J8-7
Add Pin To Net: Unknown Pin: Pin J8-8
Add Pin To Net: Unknown Pin: Pin J8-9
Add Pin To Net: Unknown Pin: Pin J8-10
Add Pin To Net: Unknown Pin: Pin J8-11
Add Pin To Net: Unknown Pin: Pin J8-M1
Add Pin To Net: Unknown Pin: Pin J8-M2
Add Pin To Net: Unknown Pin: Pin U17-6
Add Pin To Net: Unknown Pin: Pin U17-8
Add Pin To Net: Unknown Pin: Pin U17-9
Add Pin To Net: Unknown Pin: Pin X1-1
Add Pin To Net: Unknown Pin: Pin X1-2
Add Pin To Net: Unknown Pin: Pin X1-3
Add Pin To Net: Unknown Pin: Pin X1-4
Change Net Name : Old Net Name=NetH2_21 New Net Name=NetH1_21
Change Net Name : Old Net Name=NetH2_22 New Net Name=NetH1_22
Change Net Name : Old Net Name=NetH2_23 New Net Name=NetH1_23
Change Net Name : Old Net Name=NetH2_25 New Net Name=NetH1_25
Change Net Name : Old Net Name=NetH2_27 New Net Name=NetH1_27
Change Net Name : Old Net Name=NetH2_37 New Net Name=NetH1_37
Change Net Name : Old Net Name=NetH2_38 New Net Name=NetH1_38
Add Class Member: Failed to add class member : Component J8 HEADER
Add Class Member: Failed to add class member : Component X1 SIT8008AI-11-XXE-100.000000
