Change Component Footprint: Designator=C146 Old Footprint=CAP_C_1005X60 New Footprint=CAP_C_1005X50_L
Change Component Footprint: Designator=C147 Old Footprint=CAP_C_1005X60 New Footprint=CAP_C_1005X50_L
Change Component Footprint: Designator=C224 Old Footprint=CAP_C_1005X60 New Footprint=CAP_C_1005X50_L
Change Component Footprint: Designator=C279 Old Footprint=CAP_C_1005X60 New Footprint=CAP_C_1005X50_L
Change Component Footprint: Designator=C280 Old Footprint=CAP_C_1005X60 New Footprint=CAP_C_1005X50_L
Change Component Footprint: Designator=C281 Old Footprint=CAP_C_1005X60 New Footprint=CAP_C_1005X50_L
Change Component Footprint: Designator=C282 Old Footprint=CAP_C_1005X60 New Footprint=CAP_C_1005X50_L
Change Component Footprint: Designator=C283 Old Footprint=CAP_C_1005X60 New Footprint=CAP_C_1005X50_L
Change Component Footprint: Designator=C284 Old Footprint=CAP_C_1005X60 New Footprint=CAP_C_1005X50_L
Change Component Footprint: Designator=C285 Old Footprint=CAP_C_1005X60 New Footprint=CAP_C_1005X50_L
Change Component Footprint: Designator=C287 Old Footprint=CAP_C_1005X60 New Footprint=CAP_C_1005X50_L
Change Component Footprint: Designator=C288 Old Footprint=CAP_C_1005X60 New Footprint=CAP_C_1005X50_L
Change Component Footprint: Designator=C289 Old Footprint=CAP_C_1005X60 New Footprint=CAP_C_1005X50_L
Change Component Footprint: Designator=C290 Old Footprint=CAP_C_1005X60 New Footprint=CAP_C_1005X50_L
Change Component Footprint: Designator=C292 Old Footprint=CAP_C_1005X60 New Footprint=CAP_C_1005X50_L
Change Component Footprint: Designator=C293 Old Footprint=CAP_C_1005X60 New Footprint=CAP_C_1005X50_L
Change Component Footprint: Designator=C294 Old Footprint=CAP_C_1005X60 New Footprint=CAP_C_1005X50_L
Change Component Footprint: Designator=C295 Old Footprint=CAP_C_1005X60 New Footprint=CAP_C_1005X50_L
Change Component Footprint: Designator=C296 Old Footprint=CAP_C_1005X60 New Footprint=CAP_C_1005X50_L
Change Component Footprint: Designator=R413 Old Footprint=RES_C_1005X40 New Footprint=RES_C_1005x30_L
Change Component Comment : Designator=R298 Old Comment=???k New Comment=470k
Change Component Comment : Designator=R433 Old Comment=???k New Comment=470k
Change Component Comment : Designator=R301 Old Comment=??k New Comment=36k
Change Component Comment : Designator=R436 Old Comment=??k New Comment=36k
Change Component Comment : Designator=R303 Old Comment=?k New Comment=137k
Change Component Comment : Designator=R437 Old Comment=?k New Comment=137k
Change Component Designator: OldDesignator=D3 NewDesignator=DS4
Change Component Designator: OldDesignator=D4 NewDesignator=DS5
Change Component Designator: OldDesignator=D5 NewDesignator=DS6
Change Net Name : Old Net Name=NetD3_2 New Net Name=NetDS4_2
Change Net Name : Old Net Name=NetD4_2 New Net Name=NetDS5_2
Change Net Name : Old Net Name=NetD5_2 New Net Name=NetDS6_2
Added Member To Class: ClassName=FPGA_POWER Member=Component C191 47uF/25V
