Added Component: Designator=R351(RES_C_1005x30_L)
Added Component: Designator=R352(RES_C_1005x30_L)
Add component: Footprint Not Found RES_C_1005x30_L
Add component: Footprint Not Found RES_C_1005x30_L
Add component: Footprint Not Found RES_C_1005x30_L
Add component: Footprint Not Found RES_C_1005x30_L
Add component: Footprint Not Found RES_C_1005x30_L
Add component: Footprint Not Found RES_C_1005x30_L
Add component: Footprint Not Found RES_C_1005x30_L
Add component: Footprint Not Found RES_C_1005x30_L
Added Pin To Net: NetName=+3.3V_FPGA_IO Pin=R351-1
Added Pin To Net: NetName=FPGA_UART_CONSOLE_RX Pin=R351-2
Added Pin To Net: NetName=+3.3V_FPGA_IO Pin=R352-1
Added Pin To Net: NetName=FPGA_UART_CONSOLE_TX Pin=R352-2
Add Pin To Net: Unknown Pin: Pin R353-1
Add Pin To Net: Unknown Pin: Pin R353-2
Add Pin To Net: Unknown Pin: Pin R354-1
Add Pin To Net: Unknown Pin: Pin R354-2
Add Pin To Net: Unknown Pin: Pin R355-1
Add Pin To Net: Unknown Pin: Pin R355-2
Add Pin To Net: Unknown Pin: Pin R356-1
Add Pin To Net: Unknown Pin: Pin R356-2
Add Pin To Net: Unknown Pin: Pin R358-1
Add Pin To Net: Unknown Pin: Pin R358-2
Add Pin To Net: Unknown Pin: Pin R359-1
Add Pin To Net: Unknown Pin: Pin R359-2
Add Pin To Net: Unknown Pin: Pin R360-1
Add Pin To Net: Unknown Pin: Pin R360-2
Add Pin To Net: Unknown Pin: Pin R361-1
Add Pin To Net: Unknown Pin: Pin R361-2
Added Member To Class: ClassName=FPGA_BANK Member=Component R351 DNP/4.7k
Added Member To Class: ClassName=FPGA_BANK Member=Component R352 DNP/4.7k
Add Class Member: Failed to add class member : Component R353 22R
Add Class Member: Failed to add class member : Component R354 22R
Add Class Member: Failed to add class member : Component R355 22R
Add Class Member: Failed to add class member : Component R356 1k
Add Class Member: Failed to add class member : Component R358 47k
Add Class Member: Failed to add class member : Component R359 DNP/4.7k
Add Class Member: Failed to add class member : Component R360 DNP/4.7k
Add Class Member: Failed to add class member : Component R361 DNP/4.7k
