Added Component: Designator=R338(RES_C_1005x30_L)
Add component: Footprint Not Found RES_C_1005x30_L
Add component: Footprint Not Found RES_C_1005x30_L
Add component: Footprint Not Found RES_C_1005x30_L
Add component: Footprint Not Found RES_C_1005x30_L
Add component: Footprint Not Found RES_C_1005x30_L
Add component: Footprint Not Found RES_C_1005x30_L
Add component: Footprint Not Found RES_C_1005x30_L
Add component: Footprint Not Found RES_C_1005x30_L
Add component: Footprint Not Found RES_C_1005x30_L
Add component: Footprint Not Found RES_C_1005x30_L
Added Pin To Net: NetName=GND Pin=R338-1
Added Pin To Net: NetName=NetQ6_1 Pin=R338-2
Add Pin To Net: Unknown Pin: Pin R351-1
Add Pin To Net: Unknown Pin: Pin R351-2
Add Pin To Net: Unknown Pin: Pin R352-1
Add Pin To Net: Unknown Pin: Pin R352-2
Add Pin To Net: Unknown Pin: Pin R353-1
Add Pin To Net: Unknown Pin: Pin R353-2
Add Pin To Net: Unknown Pin: Pin R354-1
Add Pin To Net: Unknown Pin: Pin R354-2
Add Pin To Net: Unknown Pin: Pin R355-1
Add Pin To Net: Unknown Pin: Pin R355-2
Add Pin To Net: Unknown Pin: Pin R356-1
Add Pin To Net: Unknown Pin: Pin R356-2
Add Pin To Net: Unknown Pin: Pin R358-1
Add Pin To Net: Unknown Pin: Pin R358-2
Add Pin To Net: Unknown Pin: Pin R359-1
Add Pin To Net: Unknown Pin: Pin R359-2
Add Pin To Net: Unknown Pin: Pin R360-1
Add Pin To Net: Unknown Pin: Pin R360-2
Add Pin To Net: Unknown Pin: Pin R361-1
Add Pin To Net: Unknown Pin: Pin R361-2
Added Member To Class: ClassName=CONNECTOR_IN Member=Component R338 47k
Add Class Member: Failed to add class member : Component R351 DNP/4.7k
Add Class Member: Failed to add class member : Component R352 DNP/4.7k
Add Class Member: Failed to add class member : Component R353 22R
Add Class Member: Failed to add class member : Component R354 22R
Add Class Member: Failed to add class member : Component R355 22R
Add Class Member: Failed to add class member : Component R356 1k
Add Class Member: Failed to add class member : Component R358 47k
Add Class Member: Failed to add class member : Component R359 DNP/4.7k
Add Class Member: Failed to add class member : Component R360 DNP/4.7k
Add Class Member: Failed to add class member : Component R361 DNP/4.7k
