Added Component: Designator=C273(CAP_C_3225X80)
Added Component: Designator=C274(CAP_C_3225X80)
Add component: Footprint Not Found CAP_C_3225X80
Add component: Footprint Not Found CAP_C_1005X50_L
Add component: Footprint Not Found CAP_C_1005X50_L
Add component: Footprint Not Found CAP_C_1005X50_L
Add component: Footprint Not Found DO-214AC_SMA
Add component: Footprint Not Found RES_C_1005x30_L
Add component: Footprint Not Found RES_C_1005x30_L
Add component: Footprint Not Found RES_C_1005x30_L
Add component: Footprint Not Found RES_C_1005x30_L
Add component: Footprint Not Found VQFN-HR-10
Added Pin To Net: NetName=GND Pin=C273-1
Added Pin To Net: NetName=+5V_AI_eFUSE Pin=C273-2
Added Pin To Net: NetName=GND Pin=C274-1
Added Pin To Net: NetName=+5V_AI_eFUSE Pin=C274-2
Add Pin To Net: Unknown Pin: Pin C275-1
Add Pin To Net: Unknown Pin: Pin C275-2
Add Pin To Net: Unknown Pin: Pin C276-1
Add Pin To Net: Unknown Pin: Pin C276-2
Add Pin To Net: Unknown Pin: Pin C277-1
Add Pin To Net: Unknown Pin: Pin C277-2
Add Pin To Net: Unknown Pin: Pin C278-1
Add Pin To Net: Unknown Pin: Pin C278-2
Add Pin To Net: Unknown Pin: Pin D18-1
Add Pin To Net: Unknown Pin: Pin D18-2
Add Pin To Net: Unknown Pin: Pin R441-1
Add Pin To Net: Unknown Pin: Pin R441-2
Add Pin To Net: Unknown Pin: Pin R442-1
Add Pin To Net: Unknown Pin: Pin R442-2
Add Pin To Net: Unknown Pin: Pin R445-1
Add Pin To Net: Unknown Pin: Pin R445-2
Add Pin To Net: Unknown Pin: Pin R446-1
Add Pin To Net: Unknown Pin: Pin R446-2
Add Pin To Net: Unknown Pin: Pin U34-1
Add Pin To Net: Unknown Pin: Pin U34-2
Add Pin To Net: Unknown Pin: Pin U34-3
Add Pin To Net: Unknown Pin: Pin U34-4
Add Pin To Net: Unknown Pin: Pin U34-5
Add Pin To Net: Unknown Pin: Pin U34-6
Add Pin To Net: Unknown Pin: Pin U34-7
Add Pin To Net: Unknown Pin: Pin U34-8
Add Pin To Net: Unknown Pin: Pin U34-9
Add Pin To Net: Unknown Pin: Pin U34-10
Added Member To Class: ClassName=Power Member=Component C273 47uF/25V
Added Member To Class: ClassName=Power Member=Component C274 47uF/25V
Add Class Member: Failed to add class member : Component C275 47uF/25V
Add Class Member: Failed to add class member : Component C276 1uF/20V
Add Class Member: Failed to add class member : Component C277 2.2nF/10V
Add Class Member: Failed to add class member : Component C278 2.2nF/10V
Add Class Member: Failed to add class member : Component D18 SS54
Add Class Member: Failed to add class member : Component R441 47k
Add Class Member: Failed to add class member : Component R442 47k
Add Class Member: Failed to add class member : Component R445 3.24k
Add Class Member: Failed to add class member : Component R446 1.6k
Add Class Member: Failed to add class member : Component U34 TPS259470ARPWR
