Add component: Footprint Not Found CAP_C_1005X50_L
Add component: Footprint Not Found CAP_C_1005X50_L
Added Component: Designator=R374(RES_C_1005x30_L)
Added Component: Designator=R375(RES_C_1005x30_L)
Added Component: Designator=R376(RES_C_1005x30_L)
Added Component: Designator=R377(RES_C_1005x30_L)
Added Component: Designator=R378(RES_C_1005x30_L)
Added Component: Designator=R379(RES_C_1005x30_L)
Added Component: Designator=R380(RES_C_1005x30_L)
Add component: Footprint Not Found RES_C_1005x30_L
Add component: Footprint Not Found RES_C_1005x30_L
Add component: Footprint Not Found RES_C_1005x30_L
Add component: Footprint Not Found RES_C_1005x30_L
Add Pin To Net: Unknown Pin: Pin C256-1
Add Pin To Net: Unknown Pin: Pin C256-2
Add Pin To Net: Unknown Pin: Pin C257-1
Add Pin To Net: Unknown Pin: Pin C257-2
Added Pin To Net: NetName=NetR374_1 Pin=R374-1
Added Pin To Net: NetName=MPU_FPGA_IO_0 Pin=R374-2
Added Pin To Net: NetName=NetR375_1 Pin=R375-1
Added Pin To Net: NetName=MPU_FPGA_IO_1 Pin=R375-2
Added Pin To Net: NetName=NetR376_1 Pin=R376-1
Added Pin To Net: NetName=MPU_FPGA_IO_2 Pin=R376-2
Added Pin To Net: NetName=NetR377_1 Pin=R377-1
Added Pin To Net: NetName=MPU_FPGA_IO_3 Pin=R377-2
Added Pin To Net: NetName=NetR378_1 Pin=R378-1
Added Pin To Net: NetName=FPGA_LED0 Pin=R378-2
Added Pin To Net: NetName=NetR379_1 Pin=R379-1
Added Pin To Net: NetName=FPGA_LED1 Pin=R379-2
Added Pin To Net: NetName=NetR380_1 Pin=R380-1
Added Pin To Net: NetName=FPGA_BUTTON Pin=R380-2
Add Pin To Net: Unknown Pin: Pin R381-1
Add Pin To Net: Unknown Pin: Pin R381-2
Add Pin To Net: Unknown Pin: Pin R382-1
Add Pin To Net: Unknown Pin: Pin R382-2
Add Pin To Net: Unknown Pin: Pin R384-1
Add Pin To Net: Unknown Pin: Pin R384-2
Add Pin To Net: Unknown Pin: Pin R385-1
Add Pin To Net: Unknown Pin: Pin R385-2
Add Class Member: Failed to add class member : Component C256 0.1uF/10V
Add Class Member: Failed to add class member : Component C257 0.1uF/10V
Added Member To Class: ClassName=FPGA_BANK Member=Component R374 22R
Added Member To Class: ClassName=FPGA_BANK Member=Component R375 22R
Added Member To Class: ClassName=FPGA_BANK Member=Component R376 22R
Added Member To Class: ClassName=FPGA_BANK Member=Component R377 22R
Added Member To Class: ClassName=FPGA_BANK Member=Component R378 22R
Added Member To Class: ClassName=FPGA_BANK Member=Component R379 22R
Added Member To Class: ClassName=FPGA_BANK Member=Component R380 22R
Add Class Member: Failed to add class member : Component R381 1k
Add Class Member: Failed to add class member : Component R382 1k
Add Class Member: Failed to add class member : Component R384 22R
Add Class Member: Failed to add class member : Component R385 22R
