Change Component Footprint: Designator=J1 Old Footprint=5040500591 New Footprint=Molex_1051620001
Change Footprint: Footprint Not Found CAP_C_1005X50_L
Change Footprint: Footprint Not Found CAT93C46BHU4I-GT3
Change Footprint: Footprint Not Found FER 0603_1608
Change Footprint: Footprint Not Found FER 0603_1608
Change Footprint: Footprint Not Found SOP65P640X120-20N
Change Footprint: Footprint Not Found SOP65P640X120-20N
Added Component: Designator=J7(MOLEX_5040501191)
Add component: Footprint Not Found SIT8008AI-11-XXE-100.000000
Added Pin To Net: NetName=GND Pin=J1-G1
Added Pin To Net: NetName=GND Pin=J1-G2
Added Pin To Net: NetName=GND Pin=J1-G3
Added Pin To Net: NetName=GND Pin=J1-G4
Added Pin To Net: NetName=SD2_DATA2 Pin=J1-P1
Added Pin To Net: NetName=SD2_DATA3 Pin=J1-P2
Added Pin To Net: NetName=SD2_CMD Pin=J1-P3
Added Pin To Net: NetName=3V3_eMMC Pin=J1-P4
Added Pin To Net: NetName=SD2_CLK Pin=J1-P5
Added Pin To Net: NetName=GND Pin=J1-P6
Added Pin To Net: NetName=SD2_DATA0 Pin=J1-P7
Added Pin To Net: NetName=SD2_DATA1 Pin=J1-P8
Added Pin To Net: NetName=SD2_nCD Pin=J1-P9
Added Pin To Net: NetName=12V_CONN Pin=J7-1
Added Pin To Net: NetName=12V_CONN Pin=J7-2
Added Pin To Net: NetName=GND Pin=J7-3
Added Pin To Net: NetName=GND Pin=J7-4
Added Pin To Net: NetName=CONN_IN_SEL Pin=J7-5
Added Pin To Net: NetName=RS_422_TX_P Pin=J7-6
Added Pin To Net: NetName=RS_422_TX_N Pin=J7-7
Added Pin To Net: NetName=RS_422_RX_P Pin=J7-8
Added Pin To Net: NetName=RS_422_RX_N Pin=J7-9
Added Pin To Net: NetName=GND Pin=J7-M1
Added Pin To Net: NetName=GND Pin=J7-M2
Add Pin To Net: Unknown Pin: Pin J8-1
Add Pin To Net: Unknown Pin: Pin J8-2
Add Pin To Net: Unknown Pin: Pin J8-3
Add Pin To Net: Unknown Pin: Pin J8-4
Add Pin To Net: Unknown Pin: Pin J8-5
Add Pin To Net: Unknown Pin: Pin J8-6
Add Pin To Net: Unknown Pin: Pin J8-7
Add Pin To Net: Unknown Pin: Pin J8-8
Add Pin To Net: Unknown Pin: Pin J8-9
Add Pin To Net: Unknown Pin: Pin J8-10
Add Pin To Net: Unknown Pin: Pin J8-11
Add Pin To Net: Unknown Pin: Pin J8-M1
Add Pin To Net: Unknown Pin: Pin J8-M2
Add Pin To Net: Unknown Pin: Pin U17-6
Add Pin To Net: Unknown Pin: Pin U17-8
Add Pin To Net: Unknown Pin: Pin U17-9
Add Pin To Net: Unknown Pin: Pin U25-11
Add Pin To Net: Unknown Pin: Pin U25-12
Add Pin To Net: Unknown Pin: Pin U25-13
Add Pin To Net: Unknown Pin: Pin U25-14
Add Pin To Net: Unknown Pin: Pin U25-15
Add Pin To Net: Unknown Pin: Pin U25-16
Add Pin To Net: Unknown Pin: Pin U25-17
Add Pin To Net: Unknown Pin: Pin U25-18
Add Pin To Net: Unknown Pin: Pin U25-19
Add Pin To Net: Unknown Pin: Pin U25-20
Add Pin To Net: Unknown Pin: Pin U26-11
Add Pin To Net: Unknown Pin: Pin U26-13
Add Pin To Net: Unknown Pin: Pin U26-15
Add Pin To Net: Unknown Pin: Pin U26-16
Add Pin To Net: Unknown Pin: Pin U26-17
Add Pin To Net: Unknown Pin: Pin U26-18
Add Pin To Net: Unknown Pin: Pin U26-19
Add Pin To Net: Unknown Pin: Pin X1-1
Add Pin To Net: Unknown Pin: Pin X1-2
Add Pin To Net: Unknown Pin: Pin X1-3
Add Pin To Net: Unknown Pin: Pin X1-4
Added Member To Class: ClassName=CONNECTOR_IN Member=Component J7 5090501191
Add Class Member: Failed to add class member : Component J8 HEADER
Add Class Member: Failed to add class member : Component X1 SIT8008AI-11-XXE-100.000000
