Add component: Footprint Not Found CAP_C_1005X50_L
Add component: Footprint Not Found CAP_C_1005X50_L
Add component: Footprint Not Found CAP_C_1005X50_L
Add component: Footprint Not Found CAP_C_1005X50_L
Add component: Footprint Not Found CAP_C_1005X50_L
Add component: Footprint Not Found CAP_C_1005X50_L
Add component: Footprint Not Found RES_C_1005x30_L
Add component: Footprint Not Found RES_C_1005x30_L
Add component: Footprint Not Found RES_C_1005x30_L
Add component: Footprint Not Found RES_C_1005x30_L
Add component: Footprint Not Found RES_C_1005x30_L
Add component: Footprint Not Found RES_C_1005x30_L
Add component: Footprint Not Found RES_C_1005x30_L
Add component: Footprint Not Found RES_C_1005x30_L
Add component: Footprint Not Found RES_C_1005x30_L
Add component: Footprint Not Found RES_C_1005x30_L
Add component: Footprint Not Found RES_C_1005x30_L
Add Pin To Net: Unknown Pin: Pin C249-1
Add Pin To Net: Unknown Pin: Pin C249-2
Add Pin To Net: Unknown Pin: Pin C250-1
Add Pin To Net: Unknown Pin: Pin C250-2
Add Pin To Net: Unknown Pin: Pin C251-1
Add Pin To Net: Unknown Pin: Pin C251-2
Add Pin To Net: Unknown Pin: Pin C252-1
Add Pin To Net: Unknown Pin: Pin C252-2
Add Pin To Net: Unknown Pin: Pin C253-1
Add Pin To Net: Unknown Pin: Pin C253-2
Add Pin To Net: Unknown Pin: Pin C254-1
Add Pin To Net: Unknown Pin: Pin C254-2
Add Pin To Net: Unknown Pin: Pin R338-1
Add Pin To Net: Unknown Pin: Pin R338-2
Add Pin To Net: Unknown Pin: Pin R351-1
Add Pin To Net: Unknown Pin: Pin R351-2
Add Pin To Net: Unknown Pin: Pin R352-1
Add Pin To Net: Unknown Pin: Pin R352-2
Add Pin To Net: Unknown Pin: Pin R353-1
Add Pin To Net: Unknown Pin: Pin R353-2
Add Pin To Net: Unknown Pin: Pin R354-1
Add Pin To Net: Unknown Pin: Pin R354-2
Add Pin To Net: Unknown Pin: Pin R355-1
Add Pin To Net: Unknown Pin: Pin R355-2
Add Pin To Net: Unknown Pin: Pin R356-1
Add Pin To Net: Unknown Pin: Pin R356-2
Add Pin To Net: Unknown Pin: Pin R358-1
Add Pin To Net: Unknown Pin: Pin R358-2
Add Pin To Net: Unknown Pin: Pin R359-1
Add Pin To Net: Unknown Pin: Pin R359-2
Add Pin To Net: Unknown Pin: Pin R360-1
Add Pin To Net: Unknown Pin: Pin R360-2
Add Pin To Net: Unknown Pin: Pin R361-1
Add Pin To Net: Unknown Pin: Pin R361-2
Add Class Member: Failed to add class member : Component C249 0.1uF/10V
Add Class Member: Failed to add class member : Component C250 0.1uF/10V
Add Class Member: Failed to add class member : Component C251 0.1uF/10V
Add Class Member: Failed to add class member : Component C252 0.1uF/10V
Add Class Member: Failed to add class member : Component C253 0.1uF/10V
Add Class Member: Failed to add class member : Component C254 0.1uF/10V
Add Class Member: Failed to add class member : Component R338 47k
Add Class Member: Failed to add class member : Component R351 DNP/4.7k
Add Class Member: Failed to add class member : Component R352 DNP/4.7k
Add Class Member: Failed to add class member : Component R353 22R
Add Class Member: Failed to add class member : Component R354 22R
Add Class Member: Failed to add class member : Component R355 22R
Add Class Member: Failed to add class member : Component R356 1k
Add Class Member: Failed to add class member : Component R358 47k
Add Class Member: Failed to add class member : Component R359 DNP/4.7k
Add Class Member: Failed to add class member : Component R360 DNP/4.7k
Add Class Member: Failed to add class member : Component R361 DNP/4.7k
