Change Component Description : Designator=BT1 Old Description=Battery Clip; THM; 20mm Cell; PhosBronze/Nickel New Description=Battery Clip; THM; 20mm Cell; PhosBronze/Nickel | Keystone Electronics 3035
Added Member To Class: ClassName=DIFF100 Member=Wire SENSE1_N
Added Member To Class: ClassName=DIFF100 Member=Wire SENSE1_P
Added Member To Class: ClassName=DIFF100 Member=Wire SENSE2_N
Added Member To Class: ClassName=DIFF100 Member=Wire SENSE2_P
Added Member To Class: ClassName=DIFF100 Member=Wire SENSE3_N
Added Member To Class: ClassName=DIFF100 Member=Wire SENSE3_P
Added Member To Class: ClassName=DIFF100 Member=Wire SENSE4_N
Added Member To Class: ClassName=DIFF100 Member=Wire SENSE4_P
Added Member To Class: ClassName=DIFF100 Member=Wire SENSE_3.3V_N
Added Member To Class: ClassName=DIFF100 Member=Wire SENSE_3.3V_P
Added Member To Class: ClassName=DIFF100 Member=Wire SENSE_5V_AI_N
Added Member To Class: ClassName=DIFF100 Member=Wire SENSE_5V_AI_P
Added Member To Class: ClassName=DIFF100 Member=Wire SENSE_5V_FPGA_N
Added Member To Class: ClassName=DIFF100 Member=Wire SENSE_5V_FPGA_P
Added Member To Class: ClassName=DIFF100 Member=Wire SENSE_5V_SAMA7_N
Added Member To Class: ClassName=DIFF100 Member=Wire SENSE_5V_SAMA7_P
Added Member To Class: ClassName=DIFF100 Member=SENSE1
Added Member To Class: ClassName=DIFF100 Member=SENSE2
Added Member To Class: ClassName=DIFF100 Member=SENSE3
Added Member To Class: ClassName=DIFF100 Member=SENSE4
Added Member To Class: ClassName=DIFF100 Member=SENSE_3.3V
Added Member To Class: ClassName=DIFF100 Member=SENSE_5V_AI
Added Member To Class: ClassName=DIFF100 Member=SENSE_5V_FPGA
Added Member To Class: ClassName=DIFF100 Member=SENSE_5V_SAMA7
