Removed Pin From Net: NetName=+5V_FPGA Pin=IC1-5
Removed Pin From Net: NetName=NetIC1_13 Pin=Q12-3
Removed Pin From Net: NetName=AGND Pin=Q13-2
Removed Pin From Net: NetName=AGND Pin=Q14-2
Removed Pin From Net: NetName=NetIC1_12 Pin=Q14-3
Removed Pin From Net: NetName=AGND Pin=Q15-2
Removed Pin From Net: NetName=NetQ10_1 Pin=R322-1
Removed Pin From Net: NetName=+5V_FPGA Pin=R322-2
Removed Pin From Net: NetName=+5V_FPGA Pin=R325-2
Removed Pin From Net: NetName=NetQ11_1 Pin=R327-1
Removed Pin From Net: NetName=POW_FPGA_EN_1V Pin=R327-2
Removed Pin From Net: NetName=+5V_FPGA Pin=R451-2
Removed Pin From Net: NetName=+5V_FPGA Pin=R452-2
Removed Pin From Net: NetName=POW_FPGA_EN_3.3V Pin=R453-2
Removed Member From Class: ClassName=FPGA_POWER Member=Q13
Removed Member From Class: ClassName=FPGA_POWER Member=Q14
Removed Member From Class: ClassName=FPGA_POWER Member=Q15
Removed Member From Class: ClassName=FPGA_POWER Member=R453
Change Footprint: Footprint Not Found RES_C_1005x30_L
Change Footprint: Footprint Not Found RES_C_1005x30_L
Change Component Comment : Designator=R317 Old Comment=100k New Comment=0R
Change Component Comment : Designator=R451 Old Comment=100k New Comment=3.24k
Change Component Comment : Designator=R452 Old Comment=100k New Comment=10k
Change Component Comment : Designator=R325 Old Comment=470k New Comment=100k
Change Component Comment : Designator=Q10 Old Comment=MMBT2222A New Comment=DMG301NU-7
Change Component Comment : Designator=Q11 Old Comment=MMBT2222A New Comment=DMG301NU-7
Change Component Comment : Designator=Q12 Old Comment=MMBT2222A New Comment=DMG301NU-7
Change component parameters: Designator = "Q10" ("Q10"); Footprint = "SOT95P240X120-3N"; UniqueID = "\TJRVFJFA" ("\TJRVFJFA")
Change component parameters: Designator = "Q11" ("Q11"); Footprint = "SOT95P240X120-3N"; UniqueID = "\GEIGXWXQ" ("\GEIGXWXQ")
Change component parameters: Designator = "Q12" ("Q12"); Footprint = "SOT95P240X120-3N"; UniqueID = "\RRQEXNKP" ("\RRQEXNKP")
Added Component: Designator=D3(LED_0603)
Added Pin To Net: NetName=+3.3V_FPGA_IO Pin=D3-2
Added Pin To Net: NetName=+5V_FPGA Pin=IC1-14
Added Pin To Net: NetName=NetIC1_13 Pin=Q10-3
Added Pin To Net: NetName=AGND Pin=R322-1
Added Pin To Net: NetName=+3.3V_FPGA_IO Pin=R325-2
Added Pin To Net: NetName=NetQ10_1 Pin=R368-1
Added Pin To Net: NetName=NetQ11_1 Pin=R369-1
Added Pin To Net: NetName=+1V_FPGA Pin=R369-2
Added Pin To Net: NetName=+1.8V_FPGA Pin=R451-2
Added Pin To Net: NetName=AGND Pin=R452-1
Added Pin To Net: NetName=NetIC1_12 Pin=R452-2
Added Pin To Net: NetName=FPGA_PG Pin=IC1-4
Added Pin To Net: NetName=FPGA_PG Pin=Q12-1
Added Pin To Net: NetName=FPGA_PG Pin=R325-1
Added Net: Name=FPGA_PG
Added Pin To Net: NetName=NetD3_1 Pin=D3-1
Added Pin To Net: NetName=NetD3_1 Pin=R327-2
Added Net: Name=NetD3_1
Added Pin To Net: NetName=NetIC1_5 Pin=IC1-5
Added Pin To Net: NetName=NetIC1_5 Pin=R317-1
Added Pin To Net: NetName=NetIC1_5 Pin=R322-2
Added Net: Name=NetIC1_5
Added Pin To Net: NetName=NetQ12_3 Pin=Q12-3
Added Pin To Net: NetName=NetQ12_3 Pin=R327-1
Added Net: Name=NetQ12_3
Added Pin To Net: NetName=POW_FPGA_GOOD Pin=R84-1
Added Net: Name=POW_FPGA_GOOD
Added Member To Class: ClassName=FPGA_POWER Member=Component D3 _LED_RED
Added Member To Class: ClassName=POWER Member=Wire AGND
