Change Component Designator: Old Designator=C? New Designator=C267
Change Component Designator: Old Designator=C? New Designator=C268
Change Component Designator: Old Designator=C? New Designator=C269
Change Component Designator: Old Designator=C? New Designator=C270
Change Component Designator: Old Designator=C? New Designator=C271
Change Component Designator: Old Designator=C? New Designator=C272
Change Component Designator: Old Designator=C? New Designator=C273
Change Component Designator: Old Designator=C? New Designator=C274
Change Component Designator: Old Designator=C? New Designator=C275
Change Component Designator: Old Designator=C? New Designator=C276
Change Component Designator: Old Designator=C? New Designator=C277
Change Component Designator: Old Designator=C? New Designator=C278
Change Component Designator: Old Designator=D? New Designator=D15
Change Component Designator: Old Designator=D? New Designator=D17
Change Component Designator: Old Designator=D? New Designator=D18
Change Component Designator: Old Designator=JP? New Designator=JP12
Change Component Designator: Old Designator=R? New Designator=R433
Change Component Designator: Old Designator=R? New Designator=R434
Change Component Designator: Old Designator=R? New Designator=R435
Change Component Designator: Old Designator=R? New Designator=R436
Change Component Designator: Old Designator=R? New Designator=R437
Change Component Designator: Old Designator=R? New Designator=R438
Change Component Designator: Old Designator=R? New Designator=R439
Change Component Designator: Old Designator=R? New Designator=R440
Change Component Designator: Old Designator=R? New Designator=R441
Change Component Designator: Old Designator=R? New Designator=R442
Change Component Designator: Old Designator=R? New Designator=R443
Change Component Designator: Old Designator=R? New Designator=R444
Change Component Designator: Old Designator=R? New Designator=R445
Change Component Designator: Old Designator=R? New Designator=R446
Change Component Designator: Old Designator=SB? New Designator=SB4
Change Component Designator: Old Designator=U? New Designator=U33
Change Component Designator: Old Designator=U? New Designator=U34
