Change Component Designator: Old Designator=C? New Designator=C148
Change Component Designator: Old Designator=C? New Designator=C149
Change Component Designator: Old Designator=C? New Designator=C150
Change Component Designator: Old Designator=C? New Designator=C224
Change Component Designator: Old Designator=C? New Designator=C263
Change Component Designator: Old Designator=C? New Designator=C264
Change Component Designator: Old Designator=C? New Designator=C265
Change Component Designator: Old Designator=C? New Designator=C266
Change Component Designator: Old Designator=D? New Designator=D13
Change Component Designator: Old Designator=D? New Designator=D14
Change Component Designator: Old Designator=J? New Designator=J6
Change Component Designator: Old Designator=J? New Designator=J14
Change Component Designator: Old Designator=J? New Designator=J15
Change Component Designator: Old Designator=Q? New Designator=Q2
Change Component Designator: Old Designator=Q? New Designator=Q5
Change Component Designator: Old Designator=Q? New Designator=Q8
Change Component Designator: Old Designator=Q? New Designator=Q9
Change Component Designator: Old Designator=R? New Designator=R414
Change Component Designator: Old Designator=R? New Designator=R415
Change Component Designator: Old Designator=R? New Designator=R416
Change Component Designator: Old Designator=R? New Designator=R417
Change Component Designator: Old Designator=R? New Designator=R418
Change Component Designator: Old Designator=R? New Designator=R419
Change Component Designator: Old Designator=R? New Designator=R420
Change Component Designator: Old Designator=R? New Designator=R421
Change Component Designator: Old Designator=R? New Designator=R422
Change Component Designator: Old Designator=R? New Designator=R423
Change Component Designator: Old Designator=R? New Designator=R424
Change Component Designator: Old Designator=R? New Designator=R425
Change Component Designator: Old Designator=R? New Designator=R426
Change Component Designator: Old Designator=R? New Designator=R427
Change Component Designator: Old Designator=R? New Designator=R428
Change Component Designator: Old Designator=R? New Designator=R429
Change Component Designator: Old Designator=R? New Designator=R430
Change Component Designator: Old Designator=R? New Designator=R431
Change Component Designator: Old Designator=R? New Designator=R432
Change Component Designator: Old Designator=U? New Designator=U10
Change Component Designator: Old Designator=U? New Designator=U32
